sh: test_command: command not found
